[java.com/en/download/help/index.html]
[backblue.gif]
[fade.gif]
[index.html]
[java.com/ga/css/ga-screen.css;filename_=UTF-8''ga-screen.css]
[java.com/ga/css/print.css;filename_=UTF-8''print.css]
[consent.trustarc.com/notice.257e0.delayed]
[dyn-beacon.akamaized.net/js/dyn.beacon.v4.js]
[java.com/ga/images/jv0_search_btn.gif;filename_=UTF-8''jv0_search_btn.gif]
[java.com/en/download/help/java_crash_video_driver.html]
[java.com/en/download/help/troubleshoot_java.html]
[java.com/en/download/help/java_printing.html]
[java.com/en/download/help/java_blocked.html]
[java.com/en/download/help/restore_prompts.html]
[java.com/en/download/help/index_installing.html]
[java.com/en/download/help/disable_browser.html]
[java.com/en/download/help/index_using.html]
[java.com/ga/js/global.js;filename_=UTF-8''global.js]
[java.com/ga/js/s_code_remote.js;filename_=UTF-8''s_code_remote.js]
[java.com/en/download/help/index.html]
[java.com/ga/images/jv0h.jpg;filename_=UTF-8''jv0h.jpg]
[java.com/ga/images/jv0h_link_on.gif;filename_=UTF-8''jv0h_link_on.gif]
[java.com/ga/im/a.gif;filename_=UTF-8''a.gif]
[java.com/ga/images/jv0_oracle.gif;filename_=UTF-8''jv0_oracle.gif]
[java.com/ga/images/jv0ht.gif;filename_=UTF-8''jv0ht.gif]
[java.com/ga/images/photos/java_home_photo2.jpg;filename_=UTF-8''java_home_photo2.jpg]
[java.com/ga/images/photos/java_home_photo1.jpg;filename_=UTF-8''java_home_photo1.jpg]
[java.com/ga/images/photos/java_home_photo3.jpg;filename_=UTF-8''java_home_photo3.jpg]
[java.com/ga/images/photos/java_home_photo4.jpg;filename_=UTF-8''java_home_photo4.jpg]
[java.com/ga/images/photos/java_home_photo5.jpg;filename_=UTF-8''java_home_photo5.jpg]
[java.com/ga/images/jv0_sidebar_bg.gif;filename_=UTF-8''jv0_sidebar_bg.gif]
[java.com/ga/images/jv0_sidebar_head.gif;filename_=UTF-8''jv0_sidebar_head.gif]
[java.com/ga/images/jv0_sidebar_subhead.gif;filename_=UTF-8''jv0_sidebar_subhead.gif]
[java.com/ga/images/jv0dl_a.png;filename_=UTF-8''jv0dl_a.png]
[java.com/ga/im/ar_dbl_red.png;filename_=UTF-8''ar_dbl_red.png]
[java.com/ga/css/ga-screen.css;filename_=UTF-8''ga-screen.css]
[java.com/ga/css/print.css;filename_=UTF-8''print.css]
[java.com/en/download/help/ak.html]
[java.com/ga/css/oldcss.css;filename_=UTF-8''oldcss.css]
[java.com/ga/js/popUp.js;filename_=UTF-8''popUp.js]
[java.com/en/download/help/java_crash_video_driver118c.html]
[java.com/ga/im/printer.png;filename_=UTF-8''printer.png]
[java.com/ga/images/binary_stopped_working.png;filename_=UTF-8''binary_stopped_working.png]
[java.com/en/download/help/error_hotspot.html]
[java.com/ga/images/liveperson_banner_2014.jpg;filename_=UTF-8''liveperson_banner_2014.jpg]
[java.com/en/download/help/java_crash_video_driver.html]
[java.com/en/download/help/troubleshoot_java118c.html]
[java.com/ga/images/alert_16.png;filename_=UTF-8''alert_16.png]
[java.com/en/download/help/uninstall_java.html]
[java.com/en/download/help/mac_uninstall_java.html]
[java.com/en/download/help/error_installshield.html]
[java.com/ga/images/ic_tipblue20x20.png;filename_=UTF-8''ic_tipblue20x20.png]
[java.com/en/download/help/browser_activate_plugin.html]
[java.com/en/download/help/enable_browser.html]
[java.com/en/download/help/enable_panel.html]
[java.com/en/download/help/jcp_security.html]
[java.com/en/download/help/plugin_cache.html]
[java.com/en/download/help/proxy_setup.html]
[java.com/en/download/help/version_manual.html]
[java.com/en/download/help/jcp_securityslider.html]
[java.com/en/download/help/ie_tips.html]
[java.com/en/download/help/troubleshoot_java.html]
[java.com/en/download/help/java_printing118c.html]
[java.com/en/download/help/java_printing.html]
[java.com/en/download/help/java_blocked118c.html]
[java.com/en/download/help/appsecuritydialogs.html]
[java.com/en/download/help/java_blocked.html]
[java.com/en/download/help/restore_prompts118c.html]
[java.com/ga/images/en/java_security.jpg;filename_=UTF-8''java_security.jpg]
[java.com/en/download/help/win_controlpanel.html]
[java.com/en/download/help/mac_controlpanel.html]
[java.com/en/download/help/restore_prompts.html]
[java.com/en/download/help/index_installing2bb7.html]
[java.com/en/download/help/download_options.html]
[java.com/en/download/help/sysreq.html]
[java.com/en/download/help/virus.html]
[java.com/en/download/help/index_installing.html]
[java.com/en/download/help/disable_browser118c.html]
[java.com/en/download/help/disable_browser.html]
[java.com/en/download/help/index_using2bb7.html]
[java.com/en/download/help/error_mixedcode.html]
[java.com/en/download/help/javascript_applet.html]
[java.com/en/download/help/disable_sslv3.html]
[java.com/en/download/help/signedjar_dialog.html]
[java.com/en/download/help/revocation_options.html]
[java.com/en/download/help/trusted_signed_variations.html]
[java.com/en/download/help/trusted_expired_variations.html]
[java.com/en/download/help/error_embargoed.html]
[java.com/en/download/help/run_old_java.html]
[java.com/en/download/help/index_using.html]
[java.com/en/download/help/en_javac_Support_Help_index.html]
[java.com/ga/images/a.gif;filename_=UTF-8''a.gif]
[java.com/ga/css/oldcss.css;filename_=UTF-8''oldcss.css]
[java.com/en/download/help/java_crash_video_driver118c.html]
[java.com/en/download/help/error_hotspot118c.html]
[java.com/ga/images/error_log.jpg;filename_=UTF-8''error_log.jpg]
[java.com/en/download/help/error_hotspot.html]
[java.com/en/download/help/en_javac_Support_Help_java_crash_video_driver.html]
[java.com/en/download/help/troubleshoot_java118c.html]
[java.com/en/download/help/uninstall_java118c.html]
[java.com/ga/images/windows_media_logo_trans.gif;filename_=UTF-8''windows_media_logo_trans.gif]
[java.com/en/download/help/linux_uninstall.html]
[java.com/en/download/help/javafx_install.html]
[java.com/en/download/help/uninstall_java.html]
[java.com/en/download/help/mac_uninstall_java118c.html]
[java.com/en/download/help/mac_install.html]
[java.com/en/download/help/mac_java_cache.html]
[java.com/en/download/help/mac_java_update.html]
[java.com/en/download/help/mac_uninstall_java.html]
[java.com/en/download/help/error_installshield118c.html]
[java.com/en/download/help/error_installshield.html]
[java.com/en/download/help/browser_activate_plugin118c.html]
[java.com/en/download/help/browser_activate_plugin.html]
[java.com/en/download/help/enable_browser118c.html]
[java.com/en/download/help/enable_browser.html]
[java.com/en/download/help/enable_panel118c.html]
[java.com/en/download/help/enable_panel.html]
[java.com/en/download/help/jcp_security118c.html]
[java.com/ga/images/ic-info16.png;filename_=UTF-8''ic-info16.png]
[java.com/ga/images/en/java_security.jpg;filename_=UTF-8''java_security-2.jpg]
[java.com/en/download/help/jcp_security.html]
[java.com/en/download/help/plugin_cache118c.html]
[java.com/ga/images/en/plugin_cache2.jpg;filename_=UTF-8''plugin_cache2.jpg]
[java.com/ga/images/en/plugin_cache3.jpg;filename_=UTF-8''plugin_cache3.jpg]
[java.com/en/download/help/plugin_cache.html]
[java.com/en/download/help/proxy_setup118c.html]
[java.com/ga/images/en/browser_settings-jcp.jpg;filename_=UTF-8''browser_settings-jcp.jpg]
[java.com/en/download/help/connect_proxy.html]
[java.com/en/download/help/proxy_setup.html]
[java.com/en/download/help/version_manual118c.html]
[java.com/ga/images/en/jcp-version.png;filename_=UTF-8''jcp-version.png]
[java.com/en/download/help/version_manual.html]
[java.com/en/download/help/jcp_securityslider118c.html]
[java.com/en/download/help/jcp_securityslider.html]
[java.com/en/download/help/ie_tips118c.html]
[java.com/ga/images/en/ie_uses_java.jpg;filename_=UTF-8''ie_uses_java.jpg]
[java.com/ga/images/en/already_installed.jpg;filename_=UTF-8''already_installed.jpg]
[java.com/en/download/help/ie_tips.html]
[java.com/en/download/help/en_javac_Support_Help_troubleshoot_java.html]
[java.com/en/download/help/java_printing118c.html]
[java.com/en/download/help/en_javac_Support_Help_java_printing.html]
[java.com/en/download/help/java_blocked118c.html]
[java.com/en/download/help/appsecuritydialogs118c.html]
[java.com/ga/images/java-icon.jpg;filename_=UTF-8''java-icon.jpg]
[java.com/ga/images/securitylow-icon.jpg;filename_=UTF-8''securitylow-icon.jpg]
[java.com/ga/images/warning-icon.jpg;filename_=UTF-8''warning-icon.jpg]
[java.com/ga/images/cautionshield-icon.jpg;filename_=UTF-8''cautionshield-icon.jpg]
[java.com/ga/images/en/trusted_signed.jpg;filename_=UTF-8''trusted_signed.jpg]
[java.com/ga/images/en/unsigned_cert.jpg;filename_=UTF-8''unsigned_cert.jpg]
[java.com/ga/images/en/trusted_expired.jpg;filename_=UTF-8''trusted_expired.jpg]
[java.com/ga/images/en/selfsigned_cert.jpg;filename_=UTF-8''selfsigned_cert.jpg]
[java.com/ga/images/en/cert_revoked.jpg;filename_=UTF-8''cert_revoked.jpg]
[java.com/ga/images/en/cert_failedvalidation.jpg;filename_=UTF-8''cert_failedvalidation.jpg]
[java.com/en/download/help/appsecuritydialogs.html]
[java.com/en/download/help/en_javac_Support_Help_java_blocked.html]
[java.com/en/download/help/restore_prompts118c.html]
[java.com/en/download/help/win_controlpanel118c.html]
[java.com/ga/images/en/controlpanel.jpg;filename_=UTF-8''controlpanel.jpg]
[java.com/en/download/help/win_controlpanel.html]
[java.com/en/download/help/mac_controlpanel118c.html]
[java.com/en/download/help/mac_controlpanel.html]
[java.com/en/download/help/en_javac_Support_Help_restore_prompts.html]
[java.com/en/download/help/index_installinga9e4.html]
[java.com/en/download/help/index_installing2bb7.html]
[java.com/en/download/help/download_options118c.html]
[java.com/en/download/help/windows_manual_download.html]
[java.com/en/download/help/windows_offline_download.html]
[java.com/en/download/help/linux_install.html]
[java.com/en/download/help/solaris_install.html]
[java.com/en/download/help/download_options.html]
[java.com/en/download/help/sysreq118c.html]
[java.com/en/download/help/sysreq.html]
[java.com/en/download/help/virus118c.html]
[java.com/en/download/help/cache_virus.html]
[java.com/en/download/help/virus.html]
[java.com/en/download/help/en_javac_Support_Help_index_installing.html]
[java.com/en/download/help/disable_browser118c.html]
[java.com/en/download/help/en_javac_Support_Help_disable_browser.html]
[java.com/en/download/help/index_usinga9e4.html]
[java.com/en/download/help/index_using2bb7.html]
[java.com/en/download/help/error_mixedcode118c.html]
[java.com/ga/images/en/mixedcode-jcp.jpg;filename_=UTF-8''mixedcode-jcp.jpg]
[java.com/en/download/help/error_mixedcode.html]
[java.com/en/download/help/javascript_applet118c.html]
[java.com/ga/images/en/liveconnect.jpg;filename_=UTF-8''liveconnect.jpg]
[java.com/en/download/help/javascript_applet.html]
[java.com/en/download/help/disable_sslv3118c.html]
[java.com/ga/images/en/sslv3.png;filename_=UTF-8''sslv3.png]
[java.com/en/download/help/disable_sslv3.html]
[java.com/en/download/help/signedjar_dialog118c.html]
[java.com/en/download/help/signedjar_dialog.html]
[java.com/en/download/help/revocation_options118c.html]
[java.com/ga/images/en/jcp_revocation_settings.jpg;filename_=UTF-8''jcp_revocation_settings.jpg]
[java.com/en/download/help/revocation_options.html]
[java.com/en/download/help/trusted_signed_variations118c.html]
[java.com/ga/images/en/signed_nomf-8.jpg;filename_=UTF-8''signed_nomf-8.jpg]
[java.com/ga/images/en/signed_nomf-7.jpg;filename_=UTF-8''signed_nomf-7.jpg]
[java.com/ga/images/en/trusted_signed_noname.jpg;filename_=UTF-8''trusted_signed_noname.jpg]
[java.com/ga/images/en/trusted_signed_multilocation.jpg;filename_=UTF-8''trusted_signed_multilocation.jpg]
[java.com/en/download/help/trusted_signed_variations.html]
[java.com/en/download/help/trusted_expired_variations118c.html]
[java.com/ga/images/en/trusted_expired_permission.jpg;filename_=UTF-8''trusted_expired_permission.jpg]
[java.com/ga/images/en/trusted_expired_noname.jpg;filename_=UTF-8''trusted_expired_noname.jpg]
[java.com/ga/images/en/trusted_expired_multilocation.jpg;filename_=UTF-8''trusted_expired_multilocation.jpg]
[java.com/en/download/help/trusted_expired_variations.html]
[java.com/en/download/help/error_embargoed118c.html]
[java.com/en/download/help/error_embargoed.html]
[java.com/en/download/help/run_old_java118c.html]
[java.com/en/download/help/run_old_java.html]
[java.com/en/download/help/en_javac_Support_Help_index_using.html]
[java.com/ga/images/bg_long_subheader_gradient.html]
[java.com/ga/images/bg_long_subheader_gradient_650.html]
[java.com/en/download/help/error_hotspot118c.html]
[java.com/en/download/help/en_javac_Support_Help_error_hotspot.html]
[java.com/en/download/help/uninstall_java118c.html]
[java.com/en/download/help/linux_uninstall118c.html]
[java.com/en/download/help/linux_uninstall.html]
[java.com/en/download/help/javafx_install118c.html]
[java.com/ga/images/macterminal.png;filename_=UTF-8''macterminal.png]
[java.com/en/download/help/javafx_install.html]
[java.com/en/download/help/en_javac_Support_Help_uninstall_java.html]
[java.com/en/download/help/mac_uninstall_java118c.html]
[java.com/en/download/help/mac_install118c.html]
[java.com/ga/images/en/mac-package-icon-8u65-cropped.png;filename_=UTF-8''mac-package-icon-8u65-cropped.png]
[java.com/ga/images/en/mac-welcome-8u65-400px.png;filename_=UTF-8''mac-welcome-8u65-400px.png]
[java.com/ga/images/en/mac-finish-8u65-400px.png;filename_=UTF-8''mac-finish-8u65-400px.png]
[java.com/en/download/help/mac_install.html]
[java.com/en/download/help/mac_java_cache118c.html]
[java.com/en/download/help/mac_java_cache.html]
[java.com/en/download/help/mac_java_update118c.html]
[java.com/ga/images/en/mac_update.jpg;filename_=UTF-8''mac_update.jpg]
[java.com/en/download/help/mac_java_update.html]
[java.com/en/download/help/en_javac_Support_Help_mac_uninstall_java.html]
[java.com/en/download/help/error_installshield118c.html]
[java.com/en/download/help/en_javac_Support_Help_error_installshield.html]
[java.com/en/download/help/browser_activate_plugin118c.html]
[java.com/en/download/help/en_javac_Support_Help_browser_activate_plugin.html]
[java.com/en/download/help/enable_browser118c.html]
[java.com/en/download/help/en_javac_Support_Help_enable_browser.html]
[java.com/en/download/help/enable_panel118c.html]
[java.com/en/download/help/en_javac_Support_Help_enable_panel.html]
[java.com/en/download/help/jcp_security118c.html]
[java.com/en/download/help/en_javac_Support_Help_jcp_security.html]
[java.com/en/download/help/plugin_cache118c.html]
[java.com/en/download/help/en_javac_Support_Help_plugin_cache.html]
[java.com/en/download/help/proxy_setup118c.html]
[java.com/en/download/help/connect_proxy118c.html]
[java.com/en/download/help/connect_proxy.html]
[java.com/en/download/help/en_javac_Support_Help_proxy_setup.html]
[java.com/en/download/help/version_manual118c.html]
[java.com/en/download/help/en_javac_Support_Help_version_manual.html]
[java.com/en/download/help/jcp_securityslider118c.html]
[java.com/en/download/help/en_javac_Support_Help_jcp_securityslider.html]
[java.com/en/download/help/ie_tips118c.html]
[java.com/en/download/help/en_javac_Support_Help_ie_tips.html]
[java.com/en/download/help/appsecuritydialogs118c.html]
[java.com/en/download/help/en_javac_Support_Help_appsecuritydialogs.html]
[java.com/en/download/help/win_controlpanel118c.html]
[java.com/en/download/help/en_javac_Support_Help_win_controlpanel.html]
[java.com/en/download/help/mac_controlpanel118c.html]
[java.com/en/download/help/en_javac_Support_Help_mac_controlpanel.html]
[java.com/en/download/help/index_installinga9e4.html]
[java.com/en/download/help/download_options118c.html]
[java.com/en/download/help/windows_manual_download118c.html]
[java.com/ga/images/en/java_welcome.jpg;filename_=UTF-8''java_welcome.jpg]
[java.com/ga/images/en/java_finish-en.jpg;filename_=UTF-8''java_finish-en.jpg]
[java.com/en/download/help/windows_manual_download.html]
[java.com/en/download/help/windows_offline_download118c.html]
[java.com/en/download/help/windows_offline_download.html]
[java.com/en/download/help/linux_install118c.html]
[java.com/en/download/help/linux_install.html]
[java.com/en/download/help/solaris_install118c.html]
[java.com/en/download/help/solaris_install.html]
[java.com/en/download/help/en_javac_Support_Help_download_options.html]
[java.com/en/download/help/sysreq118c.html]
[java.com/en/download/help/en_javac_Support_Help_sysreq.html]
[java.com/en/download/help/virus118c.html]
[java.com/en/download/help/cache_virus118c.html]
[java.com/en/download/help/cache_virus.html]
[java.com/en/download/help/en_javac_Support_Help_virus.html]
[java.com/en/download/help/index_usinga9e4.html]
[java.com/en/download/help/error_mixedcode118c.html]
[java.com/en/download/help/en_javac_Support_Help_error_mixedcode.html]
[java.com/en/download/help/javascript_applet118c.html]
[java.com/en/download/help/en_javac_Support_Help_javascript_applet.html]
[java.com/en/download/help/disable_sslv3118c.html]
[java.com/en/download/help/en_javac_Support_Help_disable_sslv3.html]
[java.com/en/download/help/signedjar_dialog118c.html]
[java.com/en/download/help/en_javac_Support_Help_signedjar_dialog.html]
[java.com/en/download/help/revocation_options118c.html]
[java.com/en/download/help/en_javac_Support_Help_revocation_options.html]
[java.com/en/download/help/trusted_signed_variations118c.html]
[java.com/en/download/help/en_javac_Support_Help_trusted_signed_variations.html]
[java.com/en/download/help/trusted_expired_variations118c.html]
[java.com/en/download/help/en_javac_Support_Help_trusted_expired_variations.html]
[java.com/en/download/help/error_embargoed118c.html]
[java.com/en/download/help/en_javac_Support_Help_error_embargoed.html]
[java.com/en/download/help/run_old_java118c.html]
[java.com/en/download/help/en_javac_Support_Help_run_old_java.html]
[java.com/en/download/help/linux_uninstall118c.html]
[java.com/en/download/help/en_javac_Support_Help_linux_uninstall.html]
[java.com/en/download/help/javafx_install118c.html]
[java.com/en/download/help/en_javac_Support_Help_javafx_install.html]
[java.com/en/download/help/mac_install118c.html]
[java.com/en/download/help/en_javac_Support_Help_mac_install.html]
[java.com/en/download/help/mac_java_cache118c.html]
[java.com/en/download/help/en_javac_Support_Help_mac_java_cache.html]
[java.com/en/download/help/mac_java_update118c.html]
[java.com/en/download/help/en_javac_Support_Help_mac_java_update.html]
[java.com/en/download/help/connect_proxy118c.html]
[java.com/en/download/help/en_javac_Support_Help_connect_proxy.html]
[java.com/en/download/help/windows_manual_download118c.html]
[java.com/en/download/help/en_javac_Support_Help_windows_manual_download.html]
[java.com/en/download/help/windows_offline_download118c.html]
[java.com/en/download/help/en_javac_Support_Help_windows_offline_download.html]
[java.com/en/download/help/linux_install118c.html]
[java.com/en/download/help/en_javac_Support_Help_linux_install.html]
[java.com/en/download/help/solaris_install118c.html]
[java.com/en/download/help/en_javac_Support_Help_solaris_install.html]
[java.com/en/download/help/cache_virus118c.html]
[java.com/en/download/help/en_javac_Support_Help_cache_virus.html]
